// Jest Snapshot v1, https://goo.gl/fbAQLP

exports[`<App /> snapshot 1`] = `
<DocumentFragment>
  <h1>
    The Dog Website
  </h1>
  <select>
    <option
      value="husky"
    >
      Husky
    </option>
    <option
      value="beagle"
    >
      Beagle
    </option>
    <option
      value="corgi"
    >
      Corgi
    </option>
    <option
      value="boxer"
    >
      Boxer
    </option>
  </select>
  <input
    placeholder="Count"
    type="number"
    value="1"
  />
  <button>
    Clear Images
  </button>
  <div>
    <img
      alt="Dog"
      src="foo.jpg"
    />
    <img
      alt="Dog"
      src="bar.jpg"
    />
  </div>
</DocumentFragment>
`;
